<?xml version="1.0" encoding="UTF-8"?><mappingRoot xmlns="http://www.ibm.com/2008/ccl/Mapping" domainID="com.ibm.msl.mapping.xml" domainIDExtension="mb" mainMap="true" targetNamespace="default" version="8.0.5.0" xmlns:map="default">
    <input path="/Gefyra_Msg_SetService_InlineSchema1.xsd" var="var"/>
    <input path="db:database(/gefyra.dbm,gefyra,db:schema-tables(dbo,GET_APPLICATIONS))" var="gefyra"/>
    <output path="/Gefyra_Msg_SetService_InlineSchema1.xsd"/>
    <namespaces>
        <namespace kind="supplement" prefix="gef" uri="http://tempuri.org/gefyra"/>
    </namespaces>
    <generation engine="xquery"/>
    <mappingDeclaration name="Main_Msg_Flow_Mapping">
        <input namespace="http://tempuri.org/gefyra" path="$var/mb:msg(GET_APPLICATIONS,assembly,XMLNSC,Properties)" var="ComIbmMessageAssembly_GET_APPLICATIONS"/>
        <input path="$gefyra/db:select(fn:false(),ResultSet(dbo/GET_APPLICATIONS/APL_NUM,dbo/GET_APPLICATIONS/CID,dbo/GET_APPLICATIONS/SUB_DT),db:where('dbo.GET_APPLICATIONS.SUB_DT =  ? ','?'=$ComIbmMessageAssembly_GET_APPLICATIONS/gef:GET_APPLICATIONS/gef:SUB_DT))" var="dbselect"/>
        <output namespace="http://tempuri.org/gefyra" path="mb:msg(SET_APPLICATIONS,assembly,XMLNSC,Properties)" var="ComIbmMessageAssembly_SET_APPLICATIONS"/>
        <move>
            <input path="$ComIbmMessageAssembly_GET_APPLICATIONS/Properties"/>
            <output path="$ComIbmMessageAssembly_SET_APPLICATIONS/Properties"/>
        </move>
        <select ref="dbselect">
            <input path="$dbselect/ResultSet"/>
            <output path="$ComIbmMessageAssembly_SET_APPLICATIONS/SET_APPLICATIONS/APPLICATION"/>
            <foreach>
                <input path="."/>
                <output path="."/>
                <move>
                    <input path="dbo/GET_APPLICATIONS/APL_NUM"/>
                    <output path="APL_NUM"/>
                </move>
                <move>
                    <input path="dbo/GET_APPLICATIONS/CID"/>
                    <output path="CID"/>
                </move>
            </foreach>
        </select>
    </mappingDeclaration>
</mappingRoot>